// Vitest Snapshot v1, https://vitest.dev/guide/snapshot.html

exports[`deriveTokens: fixture ground truth > derives a stable tailwind theme mapping from the fixture 1`] = `
{
  "borderRadius": {
    "full": "var(--radius-full)",
    "lg": "var(--radius-lg)",
    "md": "var(--radius-md)",
    "none": "var(--radius-none)",
    "sm": "var(--radius-sm)",
  },
  "boxShadow": {
    "lg": "var(--shadow-lg)",
    "md": "var(--shadow-md)",
    "sm": "var(--shadow-sm)",
  },
  "colors": {
    "neutral-100": "var(--color-neutral-100)",
    "neutral-200": "var(--color-neutral-200)",
    "neutral-300": "var(--color-neutral-300)",
    "neutral-400": "var(--color-neutral-400)",
    "neutral-50": "var(--color-neutral-50)",
    "neutral-500": "var(--color-neutral-500)",
    "neutral-600": "var(--color-neutral-600)",
    "neutral-700": "var(--color-neutral-700)",
    "neutral-800": "var(--color-neutral-800)",
    "neutral-900": "var(--color-neutral-900)",
    "primary-100": "var(--color-primary-100)",
    "primary-200": "var(--color-primary-200)",
    "primary-300": "var(--color-primary-300)",
    "primary-400": "var(--color-primary-400)",
    "primary-50": "var(--color-primary-50)",
    "primary-500": "var(--color-primary-500)",
    "primary-600": "var(--color-primary-600)",
    "primary-700": "var(--color-primary-700)",
    "primary-800": "var(--color-primary-800)",
    "primary-900": "var(--color-primary-900)",
    "semantic-accent": "var(--color-semantic-accent)",
    "semantic-accentContrast": "var(--color-semantic-accentContrast)",
    "semantic-bg": "var(--color-semantic-bg)",
    "semantic-border": "var(--color-semantic-border)",
    "semantic-danger": "var(--color-semantic-danger)",
    "semantic-success": "var(--color-semantic-success)",
    "semantic-surface": "var(--color-semantic-surface)",
    "semantic-text": "var(--color-semantic-text)",
    "semantic-textMuted": "var(--color-semantic-textMuted)",
  },
  "fontFamily": {
    "body": "var(--typography-fontFamily-body)",
    "heading": "var(--typography-fontFamily-heading)",
    "mono": "var(--typography-fontFamily-mono)",
  },
  "fontSize": {
    "2xl": "var(--typography-scale-2xl)",
    "3xl": "var(--typography-scale-3xl)",
    "4xl": "var(--typography-scale-4xl)",
    "5xl": "var(--typography-scale-5xl)",
    "base": "var(--typography-scale-base)",
    "lg": "var(--typography-scale-lg)",
    "sm": "var(--typography-scale-sm)",
    "xl": "var(--typography-scale-xl)",
    "xs": "var(--typography-scale-xs)",
  },
  "fontWeight": {
    "bold": "var(--typography-weight-bold)",
    "medium": "var(--typography-weight-medium)",
    "regular": "var(--typography-weight-regular)",
    "semibold": "var(--typography-weight-semibold)",
  },
  "lineHeight": {
    "normal": "var(--typography-leading-normal)",
    "relaxed": "var(--typography-leading-relaxed)",
    "snug": "var(--typography-leading-snug)",
    "tight": "var(--typography-leading-tight)",
  },
  "screens": {
    "lg": "1024px",
    "md": "768px",
    "sm": "640px",
    "xl": "1280px",
  },
  "spacing": {
    "0": "var(--space-0)",
    "1": "var(--space-1)",
    "12": "var(--space-12)",
    "16": "var(--space-16)",
    "2": "var(--space-2)",
    "24": "var(--space-24)",
    "3": "var(--space-3)",
    "4": "var(--space-4)",
    "6": "var(--space-6)",
    "8": "var(--space-8)",
  },
}
`;
